{
"issues":  [
{
"id":  "S2692",
"message":  "0 is a valid index, but this check ignores it.",
"location":  {
"uri":  "sources\Ember-MM\EmberAPI\clsAPICommon.vb",
"region":  {
"startLine":  667,
"startColumn":  74,
"endLine":  667,
"endColumn":  77
}
}
},
{
"id":  "S2692",
"message":  "0 is a valid index, but this check ignores it.",
"location":  {
"uri":  "sources\Ember-MM\EmberAPI\clsAPIStringUtils.vb",
"region":  {
"startLine":  141,
"startColumn":  48,
"endLine":  141,
"endColumn":  51
}
}
},
{
"id":  "S2692",
"message":  "0 is a valid index, but this check ignores it.",
"location":  {
"uri":  "sources\Ember-MM\EmberAPI\clsAPIStringUtils.vb",
"region":  {
"startLine":  203,
"startColumn":  44,
"endLine":  203,
"endColumn":  47
}
}
},
{
"id":  "S2692",
"message":  "0 is a valid index, but this check ignores it.",
"location":  {
"uri":  "sources\Ember-MM\EmberAPI\clsAPIStringUtils.vb",
"region":  {
"startLine":  248,
"startColumn":  44,
"endLine":  248,
"endColumn":  47
}
}
}
]
}
