{
"issues":  [
{
"id":  "S1192",
"message":  "Define a constant instead of using this literal 'movieindex' 4 times.",
"location":  [
{
"uri":  "sources\Ember-MM\Addons\generic.EmberCore.NMT\dlgNMTMovies.vb",
"region":  {
"startLine":  298,
"startColumn":  133,
"endLine":  298,
"endColumn":  145
}
},
{
"uri":  "sources\Ember-MM\Addons\generic.EmberCore.NMT\dlgNMTMovies.vb",
"region":  {
"startLine":  339,
"startColumn":  136,
"endLine":  339,
"endColumn":  148
}
},
{
"uri":  "sources\Ember-MM\Addons\generic.EmberCore.NMT\dlgNMTMovies.vb",
"region":  {
"startLine":  1498,
"startColumn":  143,
"endLine":  1498,
"endColumn":  155
}
},
{
"uri":  "sources\Ember-MM\Addons\generic.EmberCore.NMT\dlgNMTMovies.vb",
"region":  {
"startLine":  1498,
"startColumn":  240,
"endLine":  1498,
"endColumn":  252
}
}
]
},
{
"id":  "S1192",
"message":  "Define a constant instead of using this literal 'tvindex' 4 times.",
"location":  [
{
"uri":  "sources\Ember-MM\Addons\generic.EmberCore.NMT\dlgNMTMovies.vb",
"region":  {
"startLine":  380,
"startColumn":  133,
"endLine":  380,
"endColumn":  142
}
},
{
"uri":  "sources\Ember-MM\Addons\generic.EmberCore.NMT\dlgNMTMovies.vb",
"region":  {
"startLine":  413,
"startColumn":  136,
"endLine":  413,
"endColumn":  145
}
},
{
"uri":  "sources\Ember-MM\Addons\generic.EmberCore.NMT\dlgNMTMovies.vb",
"region":  {
"startLine":  1561,
"startColumn":  143,
"endLine":  1561,
"endColumn":  152
}
},
{
"uri":  "sources\Ember-MM\Addons\generic.EmberCore.NMT\dlgNMTMovies.vb",
"region":  {
"startLine":  1561,
"startColumn":  237,
"endLine":  1561,
"endColumn":  246
}
}
]
},
{
"id":  "S1192",
"message":  "Define a constant instead of using this literal 'RelativePathToBase' 4 times.",
"location":  [
{
"uri":  "sources\Ember-MM\Addons\generic.EmberCore.NMT\dlgNMTMovies.vb",
"region":  {
"startLine":  428,
"startColumn":  158,
"endLine":  428,
"endColumn":  178
}
},
{
"uri":  "sources\Ember-MM\Addons\generic.EmberCore.NMT\dlgNMTMovies.vb",
"region":  {
"startLine":  437,
"startColumn":  201,
"endLine":  437,
"endColumn":  221
}
},
{
"uri":  "sources\Ember-MM\Addons\generic.EmberCore.NMT\dlgNMTMovies.vb",
"region":  {
"startLine":  456,
"startColumn":  245,
"endLine":  456,
"endColumn":  265
}
},
{
"uri":  "sources\Ember-MM\Addons\generic.EmberCore.NMT\dlgNMTMovies.vb",
"region":  {
"startLine":  728,
"startColumn":  152,
"endLine":  728,
"endColumn":  172
}
}
]
},
{
"id":  "S1192",
"message":  "Define a constant instead of using this literal '../../' 4 times.",
"location":  [
{
"uri":  "sources\Ember-MM\Addons\generic.EmberCore.NMT\dlgNMTMovies.vb",
"region":  {
"startLine":  428,
"startColumn":  180,
"endLine":  428,
"endColumn":  188
}
},
{
"uri":  "sources\Ember-MM\Addons\generic.EmberCore.NMT\dlgNMTMovies.vb",
"region":  {
"startLine":  437,
"startColumn":  223,
"endLine":  437,
"endColumn":  231
}
},
{
"uri":  "sources\Ember-MM\Addons\generic.EmberCore.NMT\dlgNMTMovies.vb",
"region":  {
"startLine":  456,
"startColumn":  267,
"endLine":  456,
"endColumn":  275
}
},
{
"uri":  "sources\Ember-MM\Addons\generic.EmberCore.NMT\dlgNMTMovies.vb",
"region":  {
"startLine":  728,
"startColumn":  174,
"endLine":  728,
"endColumn":  182
}
}
]
},
{
"id":  "S1192",
"message":  "Define a constant instead of using this literal 'Thumb' 4 times.",
"location":  [
{
"uri":  "sources\Ember-MM\Addons\generic.EmberCore.NMT\dlgNMTMovies.vb",
"region":  {
"startLine":  555,
"startColumn":  114,
"endLine":  555,
"endColumn":  121
}
},
{
"uri":  "sources\Ember-MM\Addons\generic.EmberCore.NMT\dlgNMTMovies.vb",
"region":  {
"startLine":  1034,
"startColumn":  137,
"endLine":  1034,
"endColumn":  144
}
},
{
"uri":  "sources\Ember-MM\Addons\generic.EmberCore.NMT\dlgNMTMovies.vb",
"region":  {
"startLine":  1112,
"startColumn":  45,
"endLine":  1112,
"endColumn":  52
}
},
{
"uri":  "sources\Ember-MM\Addons\generic.EmberCore.NMT\dlgNMTMovies.vb",
"region":  {
"startLine":  1113,
"startColumn":  137,
"endLine":  1113,
"endColumn":  144
}
}
]
},
{
"id":  "S1192",
"message":  "Define a constant instead of using this literal 'Title' 4 times.",
"location":  [
{
"uri":  "sources\Ember-MM\Addons\generic.EmberCore.NMT\dlgNMTMovies.vb",
"region":  {
"startLine":  559,
"startColumn":  56,
"endLine":  559,
"endColumn":  63
}
},
{
"uri":  "sources\Ember-MM\Addons\generic.EmberCore.NMT\dlgNMTMovies.vb",
"region":  {
"startLine":  560,
"startColumn":  67,
"endLine":  560,
"endColumn":  74
}
},
{
"uri":  "sources\Ember-MM\Addons\generic.EmberCore.NMT\dlgNMTMovies.vb",
"region":  {
"startLine":  647,
"startColumn":  61,
"endLine":  647,
"endColumn":  68
}
},
{
"uri":  "sources\Ember-MM\Addons\generic.EmberCore.NMT\dlgNMTMovies.vb",
"region":  {
"startLine":  733,
"startColumn":  67,
"endLine":  733,
"endColumn":  74
}
}
]
},
{
"id":  "S1192",
"message":  "Define a constant instead of using this literal 'Genre' 4 times.",
"location":  [
{
"uri":  "sources\Ember-MM\Addons\generic.EmberCore.NMT\dlgNMTMovies.vb",
"region":  {
"startLine":  586,
"startColumn":  60,
"endLine":  586,
"endColumn":  67
}
},
{
"uri":  "sources\Ember-MM\Addons\generic.EmberCore.NMT\dlgNMTMovies.vb",
"region":  {
"startLine":  587,
"startColumn":  52,
"endLine":  587,
"endColumn":  59
}
},
{
"uri":  "sources\Ember-MM\Addons\generic.EmberCore.NMT\dlgNMTMovies.vb",
"region":  {
"startLine":  652,
"startColumn":  63,
"endLine":  652,
"endColumn":  70
}
},
{
"uri":  "sources\Ember-MM\Addons\generic.EmberCore.NMT\dlgNMTMovies.vb",
"region":  {
"startLine":  660,
"startColumn":  51,
"endLine":  660,
"endColumn":  58
}
}
]
},
{
"id":  "S1192",
"message":  "Define a constant instead of using this literal 'Unknown' 4 times.",
"location":  [
{
"uri":  "sources\Ember-MM\Addons\generic.EmberCore.NMT\dlgNMTMovies.vb",
"region":  {
"startLine":  612,
"startColumn":  129,
"endLine":  612,
"endColumn":  138
}
},
{
"uri":  "sources\Ember-MM\Addons\generic.EmberCore.NMT\dlgNMTMovies.vb",
"region":  {
"startLine":  612,
"startColumn":  219,
"endLine":  612,
"endColumn":  228
}
},
{
"uri":  "sources\Ember-MM\Addons\generic.EmberCore.NMT\dlgNMTMovies.vb",
"region":  {
"startLine":  622,
"startColumn":  133,
"endLine":  622,
"endColumn":  142
}
},
{
"uri":  "sources\Ember-MM\Addons\generic.EmberCore.NMT\dlgNMTMovies.vb",
"region":  {
"startLine":  622,
"startColumn":  232,
"endLine":  622,
"endColumn":  241
}
}
]
},
{
"id":  "S1192",
"message":  "Define a constant instead of using this literal 'TVThumbsPath' 4 times.",
"location":  [
{
"uri":  "sources\Ember-MM\Addons\generic.EmberCore.NMT\dlgNMTMovies.vb",
"region":  {
"startLine":  640,
"startColumn":  53,
"endLine":  640,
"endColumn":  67
}
},
{
"uri":  "sources\Ember-MM\Addons\generic.EmberCore.NMT\dlgNMTMovies.vb",
"region":  {
"startLine":  693,
"startColumn":  53,
"endLine":  693,
"endColumn":  67
}
},
{
"uri":  "sources\Ember-MM\Addons\generic.EmberCore.NMT\dlgNMTMovies.vb",
"region":  {
"startLine":  724,
"startColumn":  53,
"endLine":  724,
"endColumn":  67
}
},
{
"uri":  "sources\Ember-MM\Addons\generic.EmberCore.NMT\dlgNMTMovies.vb",
"region":  {
"startLine":  1024,
"startColumn":  72,
"endLine":  1024,
"endColumn":  86
}
}
]
},
{
"id":  "S1192",
"message":  "Define a constant instead of using this literal 'Thumbs/' 5 times.",
"location":  [
{
"uri":  "sources\Ember-MM\Addons\generic.EmberCore.NMT\dlgNMTMovies.vb",
"region":  {
"startLine":  545,
"startColumn":  67,
"endLine":  545,
"endColumn":  76
}
},
{
"uri":  "sources\Ember-MM\Addons\generic.EmberCore.NMT\dlgNMTMovies.vb",
"region":  {
"startLine":  546,
"startColumn":  71,
"endLine":  546,
"endColumn":  80
}
},
{
"uri":  "sources\Ember-MM\Addons\generic.EmberCore.NMT\dlgNMTMovies.vb",
"region":  {
"startLine":  1024,
"startColumn":  88,
"endLine":  1024,
"endColumn":  97
}
},
{
"uri":  "sources\Ember-MM\Addons\generic.EmberCore.NMT\dlgNMTMovies.vb",
"region":  {
"startLine":  1103,
"startColumn":  86,
"endLine":  1103,
"endColumn":  95
}
},
{
"uri":  "sources\Ember-MM\Addons\generic.EmberCore.NMT\dlgNMTMovies.vb",
"region":  {
"startLine":  1183,
"startColumn":  88,
"endLine":  1183,
"endColumn":  97
}
}
]
},
{
"id":  "S1192",
"message":  "Define a constant instead of using this literal 'MoviePath' 5 times.",
"location":  [
{
"uri":  "sources\Ember-MM\Addons\generic.EmberCore.NMT\dlgNMTMovies.vb",
"region":  {
"startLine":  554,
"startColumn":  79,
"endLine":  554,
"endColumn":  90
}
},
{
"uri":  "sources\Ember-MM\Addons\generic.EmberCore.NMT\dlgNMTMovies.vb",
"region":  {
"startLine":  577,
"startColumn":  79,
"endLine":  577,
"endColumn":  90
}
},
{
"uri":  "sources\Ember-MM\Addons\generic.EmberCore.NMT\dlgNMTMovies.vb",
"region":  {
"startLine":  578,
"startColumn":  83,
"endLine":  578,
"endColumn":  94
}
},
{
"uri":  "sources\Ember-MM\Addons\generic.EmberCore.NMT\dlgNMTMovies.vb",
"region":  {
"startLine":  590,
"startColumn":  68,
"endLine":  590,
"endColumn":  79
}
},
{
"uri":  "sources\Ember-MM\Addons\generic.EmberCore.NMT\dlgNMTMovies.vb",
"region":  {
"startLine":  627,
"startColumn":  57,
"endLine":  627,
"endColumn":  68
}
}
]
},
{
"id":  "S1192",
"message":  "Define a constant instead of using this literal 'FanartPath' 5 times.",
"location":  [
{
"uri":  "sources\Ember-MM\Addons\generic.EmberCore.NMT\dlgNMTMovies.vb",
"region":  {
"startLine":  558,
"startColumn":  80,
"endLine":  558,
"endColumn":  92
}
},
{
"uri":  "sources\Ember-MM\Addons\generic.EmberCore.NMT\dlgNMTMovies.vb",
"region":  {
"startLine":  654,
"startColumn":  81,
"endLine":  654,
"endColumn":  93
}
},
{
"uri":  "sources\Ember-MM\Addons\generic.EmberCore.NMT\dlgNMTMovies.vb",
"region":  {
"startLine":  1189,
"startColumn":  51,
"endLine":  1189,
"endColumn":  63
}
},
{
"uri":  "sources\Ember-MM\Addons\generic.EmberCore.NMT\dlgNMTMovies.vb",
"region":  {
"startLine":  1192,
"startColumn":  56,
"endLine":  1192,
"endColumn":  68
}
},
{
"uri":  "sources\Ember-MM\Addons\generic.EmberCore.NMT\dlgNMTMovies.vb",
"region":  {
"startLine":  1196,
"startColumn":  54,
"endLine":  1196,
"endColumn":  66
}
}
]
},
{
"id":  "S1192",
"message":  "Define a constant instead of using this literal 'movie' 6 times.",
"location":  [
{
"uri":  "sources\Ember-MM\Addons\generic.EmberCore.NMT\dlgNMTMovies.vb",
"region":  {
"startLine":  127,
"startColumn":  118,
"endLine":  127,
"endColumn":  125
}
},
{
"uri":  "sources\Ember-MM\Addons\generic.EmberCore.NMT\dlgNMTMovies.vb",
"region":  {
"startLine":  173,
"startColumn":  48,
"endLine":  173,
"endColumn":  55
}
},
{
"uri":  "sources\Ember-MM\Addons\generic.EmberCore.NMT\dlgNMTMovies.vb",
"region":  {
"startLine":  299,
"startColumn":  140,
"endLine":  299,
"endColumn":  147
}
},
{
"uri":  "sources\Ember-MM\Addons\generic.EmberCore.NMT\dlgNMTMovies.vb",
"region":  {
"startLine":  341,
"startColumn":  157,
"endLine":  341,
"endColumn":  164
}
},
{
"uri":  "sources\Ember-MM\Addons\generic.EmberCore.NMT\dlgNMTMovies.vb",
"region":  {
"startLine":  904,
"startColumn":  44,
"endLine":  904,
"endColumn":  51
}
},
{
"uri":  "sources\Ember-MM\Addons\generic.EmberCore.NMT\dlgNMTMovies.vb",
"region":  {
"startLine":  1631,
"startColumn":  62,
"endLine":  1631,
"endColumn":  69
}
}
]
},
{
"id":  "S1192",
"message":  "Define a constant instead of using this literal 'Season' 6 times.",
"location":  [
{
"uri":  "sources\Ember-MM\Addons\generic.EmberCore.NMT\dlgNMTMovies.vb",
"region":  {
"startLine":  433,
"startColumn":  137,
"endLine":  433,
"endColumn":  145
}
},
{
"uri":  "sources\Ember-MM\Addons\generic.EmberCore.NMT\dlgNMTMovies.vb",
"region":  {
"startLine":  437,
"startColumn":  157,
"endLine":  437,
"endColumn":  165
}
},
{
"uri":  "sources\Ember-MM\Addons\generic.EmberCore.NMT\dlgNMTMovies.vb",
"region":  {
"startLine":  440,
"startColumn":  111,
"endLine":  440,
"endColumn":  119
}
},
{
"uri":  "sources\Ember-MM\Addons\generic.EmberCore.NMT\dlgNMTMovies.vb",
"region":  {
"startLine":  443,
"startColumn":  236,
"endLine":  443,
"endColumn":  244
}
},
{
"uri":  "sources\Ember-MM\Addons\generic.EmberCore.NMT\dlgNMTMovies.vb",
"region":  {
"startLine":  453,
"startColumn":  164,
"endLine":  453,
"endColumn":  172
}
},
{
"uri":  "sources\Ember-MM\Addons\generic.EmberCore.NMT\dlgNMTMovies.vb",
"region":  {
"startLine":  456,
"startColumn":  167,
"endLine":  456,
"endColumn":  175
}
}
]
},
{
"id":  "S1192",
"message":  "Define a constant instead of using this literal 'TVThumbs/' 6 times.",
"location":  [
{
"uri":  "sources\Ember-MM\Addons\generic.EmberCore.NMT\dlgNMTMovies.vb",
"region":  {
"startLine":  640,
"startColumn":  69,
"endLine":  640,
"endColumn":  80
}
},
{
"uri":  "sources\Ember-MM\Addons\generic.EmberCore.NMT\dlgNMTMovies.vb",
"region":  {
"startLine":  641,
"startColumn":  73,
"endLine":  641,
"endColumn":  84
}
},
{
"uri":  "sources\Ember-MM\Addons\generic.EmberCore.NMT\dlgNMTMovies.vb",
"region":  {
"startLine":  693,
"startColumn":  69,
"endLine":  693,
"endColumn":  80
}
},
{
"uri":  "sources\Ember-MM\Addons\generic.EmberCore.NMT\dlgNMTMovies.vb",
"region":  {
"startLine":  694,
"startColumn":  73,
"endLine":  694,
"endColumn":  84
}
},
{
"uri":  "sources\Ember-MM\Addons\generic.EmberCore.NMT\dlgNMTMovies.vb",
"region":  {
"startLine":  724,
"startColumn":  69,
"endLine":  724,
"endColumn":  80
}
},
{
"uri":  "sources\Ember-MM\Addons\generic.EmberCore.NMT\dlgNMTMovies.vb",
"region":  {
"startLine":  725,
"startColumn":  73,
"endLine":  725,
"endColumn":  84
}
}
]
},
{
"id":  "S1192",
"message":  "Define a constant instead of using this literal 'Error' 15 times.",
"location":  [
{
"uri":  "sources\Ember-MM\Addons\generic.EmberCore.NMT\dlgNMTMovies.vb",
"region":  {
"startLine":  147,
"startColumn":  68,
"endLine":  147,
"endColumn":  75
}
},
{
"uri":  "sources\Ember-MM\Addons\generic.EmberCore.NMT\dlgNMTMovies.vb",
"region":  {
"startLine":  154,
"startColumn":  116,
"endLine":  154,
"endColumn":  123
}
},
{
"uri":  "sources\Ember-MM\Addons\generic.EmberCore.NMT\dlgNMTMovies.vb",
"region":  {
"startLine":  183,
"startColumn":  68,
"endLine":  183,
"endColumn":  75
}
},
{
"uri":  "sources\Ember-MM\Addons\generic.EmberCore.NMT\dlgNMTMovies.vb",
"region":  {
"startLine":  200,
"startColumn":  68,
"endLine":  200,
"endColumn":  75
}
},
{
"uri":  "sources\Ember-MM\Addons\generic.EmberCore.NMT\dlgNMTMovies.vb",
"region":  {
"startLine":  287,
"startColumn":  68,
"endLine":  287,
"endColumn":  75
}
},
{
"uri":  "sources\Ember-MM\Addons\generic.EmberCore.NMT\dlgNMTMovies.vb",
"region":  {
"startLine":  353,
"startColumn":  68,
"endLine":  353,
"endColumn":  75
}
},
{
"uri":  "sources\Ember-MM\Addons\generic.EmberCore.NMT\dlgNMTMovies.vb",
"region":  {
"startLine":  492,
"startColumn":  68,
"endLine":  492,
"endColumn":  75
}
},
{
"uri":  "sources\Ember-MM\Addons\generic.EmberCore.NMT\dlgNMTMovies.vb",
"region":  {
"startLine":  1097,
"startColumn":  68,
"endLine":  1097,
"endColumn":  75
}
},
{
"uri":  "sources\Ember-MM\Addons\generic.EmberCore.NMT\dlgNMTMovies.vb",
"region":  {
"startLine":  1176,
"startColumn":  68,
"endLine":  1176,
"endColumn":  75
}
},
{
"uri":  "sources\Ember-MM\Addons\generic.EmberCore.NMT\dlgNMTMovies.vb",
"region":  {
"startLine":  1209,
"startColumn":  68,
"endLine":  1209,
"endColumn":  75
}
},
{
"uri":  "sources\Ember-MM\Addons\generic.EmberCore.NMT\dlgNMTMovies.vb",
"region":  {
"startLine":  1272,
"startColumn":  72,
"endLine":  1272,
"endColumn":  79
}
},
{
"uri":  "sources\Ember-MM\Addons\generic.EmberCore.NMT\dlgNMTMovies.vb",
"region":  {
"startLine":  1400,
"startColumn":  84,
"endLine":  1400,
"endColumn":  91
}
},
{
"uri":  "sources\Ember-MM\Addons\generic.EmberCore.NMT\dlgNMTMovies.vb",
"region":  {
"startLine":  1512,
"startColumn":  68,
"endLine":  1512,
"endColumn":  75
}
},
{
"uri":  "sources\Ember-MM\Addons\generic.EmberCore.NMT\dlgNMTMovies.vb",
"region":  {
"startLine":  1576,
"startColumn":  68,
"endLine":  1576,
"endColumn":  75
}
},
{
"uri":  "sources\Ember-MM\Addons\generic.EmberCore.NMT\dlgNMTMovies.vb",
"region":  {
"startLine":  1738,
"startColumn":  68,
"endLine":  1738,
"endColumn":  75
}
}
]
},
{
"id":  "S1192",
"message":  "Define a constant instead of using this literal 'Source' 15 times.",
"location":  [
{
"uri":  "sources\Ember-MM\Addons\generic.EmberCore.NMT\dlgNMTMovies.vb",
"region":  {
"startLine":  333,
"startColumn":  64,
"endLine":  333,
"endColumn":  72
}
},
{
"uri":  "sources\Ember-MM\Addons\generic.EmberCore.NMT\dlgNMTMovies.vb",
"region":  {
"startLine":  408,
"startColumn":  63,
"endLine":  408,
"endColumn":  71
}
},
{
"uri":  "sources\Ember-MM\Addons\generic.EmberCore.NMT\dlgNMTMovies.vb",
"region":  {
"startLine":  548,
"startColumn":  92,
"endLine":  548,
"endColumn":  100
}
},
{
"uri":  "sources\Ember-MM\Addons\generic.EmberCore.NMT\dlgNMTMovies.vb",
"region":  {
"startLine":  548,
"startColumn":  168,
"endLine":  548,
"endColumn":  176
}
},
{
"uri":  "sources\Ember-MM\Addons\generic.EmberCore.NMT\dlgNMTMovies.vb",
"region":  {
"startLine":  549,
"startColumn":  111,
"endLine":  549,
"endColumn":  119
}
},
{
"uri":  "sources\Ember-MM\Addons\generic.EmberCore.NMT\dlgNMTMovies.vb",
"region":  {
"startLine":  643,
"startColumn":  91,
"endLine":  643,
"endColumn":  99
}
},
{
"uri":  "sources\Ember-MM\Addons\generic.EmberCore.NMT\dlgNMTMovies.vb",
"region":  {
"startLine":  643,
"startColumn":  166,
"endLine":  643,
"endColumn":  174
}
},
{
"uri":  "sources\Ember-MM\Addons\generic.EmberCore.NMT\dlgNMTMovies.vb",
"region":  {
"startLine":  644,
"startColumn":  107,
"endLine":  644,
"endColumn":  115
}
},
{
"uri":  "sources\Ember-MM\Addons\generic.EmberCore.NMT\dlgNMTMovies.vb",
"region":  {
"startLine":  696,
"startColumn":  91,
"endLine":  696,
"endColumn":  99
}
},
{
"uri":  "sources\Ember-MM\Addons\generic.EmberCore.NMT\dlgNMTMovies.vb",
"region":  {
"startLine":  696,
"startColumn":  166,
"endLine":  696,
"endColumn":  174
}
},
{
"uri":  "sources\Ember-MM\Addons\generic.EmberCore.NMT\dlgNMTMovies.vb",
"region":  {
"startLine":  697,
"startColumn":  107,
"endLine":  697,
"endColumn":  115
}
},
{
"uri":  "sources\Ember-MM\Addons\generic.EmberCore.NMT\dlgNMTMovies.vb",
"region":  {
"startLine":  728,
"startColumn":  94,
"endLine":  728,
"endColumn":  102
}
},
{
"uri":  "sources\Ember-MM\Addons\generic.EmberCore.NMT\dlgNMTMovies.vb",
"region":  {
"startLine":  728,
"startColumn":  219,
"endLine":  728,
"endColumn":  227
}
},
{
"uri":  "sources\Ember-MM\Addons\generic.EmberCore.NMT\dlgNMTMovies.vb",
"region":  {
"startLine":  728,
"startColumn":  274,
"endLine":  728,
"endColumn":  282
}
},
{
"uri":  "sources\Ember-MM\Addons\generic.EmberCore.NMT\dlgNMTMovies.vb",
"region":  {
"startLine":  729,
"startColumn":  110,
"endLine":  729,
"endColumn":  118
}
}
]
},
{
"id":  "S1192",
"message":  "Define a constant instead of using this literal 'PosterPath' 15 times.",
"location":  [
{
"uri":  "sources\Ember-MM\Addons\generic.EmberCore.NMT\dlgNMTMovies.vb",
"region":  {
"startLine":  557,
"startColumn":  80,
"endLine":  557,
"endColumn":  92
}
},
{
"uri":  "sources\Ember-MM\Addons\generic.EmberCore.NMT\dlgNMTMovies.vb",
"region":  {
"startLine":  653,
"startColumn":  81,
"endLine":  653,
"endColumn":  93
}
},
{
"uri":  "sources\Ember-MM\Addons\generic.EmberCore.NMT\dlgNMTMovies.vb",
"region":  {
"startLine":  657,
"startColumn":  94,
"endLine":  657,
"endColumn":  106
}
},
{
"uri":  "sources\Ember-MM\Addons\generic.EmberCore.NMT\dlgNMTMovies.vb",
"region":  {
"startLine":  701,
"startColumn":  88,
"endLine":  701,
"endColumn":  100
}
},
{
"uri":  "sources\Ember-MM\Addons\generic.EmberCore.NMT\dlgNMTMovies.vb",
"region":  {
"startLine":  732,
"startColumn":  90,
"endLine":  732,
"endColumn":  102
}
},
{
"uri":  "sources\Ember-MM\Addons\generic.EmberCore.NMT\dlgNMTMovies.vb",
"region":  {
"startLine":  1032,
"startColumn":  50,
"endLine":  1032,
"endColumn":  62
}
},
{
"uri":  "sources\Ember-MM\Addons\generic.EmberCore.NMT\dlgNMTMovies.vb",
"region":  {
"startLine":  1038,
"startColumn":  117,
"endLine":  1038,
"endColumn":  129
}
},
{
"uri":  "sources\Ember-MM\Addons\generic.EmberCore.NMT\dlgNMTMovies.vb",
"region":  {
"startLine":  1058,
"startColumn":  59,
"endLine":  1058,
"endColumn":  71
}
},
{
"uri":  "sources\Ember-MM\Addons\generic.EmberCore.NMT\dlgNMTMovies.vb",
"region":  {
"startLine":  1062,
"startColumn":  57,
"endLine":  1062,
"endColumn":  69
}
},
{
"uri":  "sources\Ember-MM\Addons\generic.EmberCore.NMT\dlgNMTMovies.vb",
"region":  {
"startLine":  1070,
"startColumn":  117,
"endLine":  1070,
"endColumn":  129
}
},
{
"uri":  "sources\Ember-MM\Addons\generic.EmberCore.NMT\dlgNMTMovies.vb",
"region":  {
"startLine":  1111,
"startColumn":  51,
"endLine":  1111,
"endColumn":  63
}
},
{
"uri":  "sources\Ember-MM\Addons\generic.EmberCore.NMT\dlgNMTMovies.vb",
"region":  {
"startLine":  1117,
"startColumn":  118,
"endLine":  1117,
"endColumn":  130
}
},
{
"uri":  "sources\Ember-MM\Addons\generic.EmberCore.NMT\dlgNMTMovies.vb",
"region":  {
"startLine":  1137,
"startColumn":  60,
"endLine":  1137,
"endColumn":  72
}
},
{
"uri":  "sources\Ember-MM\Addons\generic.EmberCore.NMT\dlgNMTMovies.vb",
"region":  {
"startLine":  1141,
"startColumn":  58,
"endLine":  1141,
"endColumn":  70
}
},
{
"uri":  "sources\Ember-MM\Addons\generic.EmberCore.NMT\dlgNMTMovies.vb",
"region":  {
"startLine":  1149,
"startColumn":  118,
"endLine":  1149,
"endColumn":  130
}
}
]
},
{
"id":  "S1192",
"message":  "Define a constant instead of using this literal 'Templates' 4 times.",
"location":  [
{
"uri":  "sources\Ember-MM\Addons\generic.EmberCore.NMT\frmSettingsHolder.vb",
"region":  {
"startLine":  55,
"startColumn":  77,
"endLine":  55,
"endColumn":  88
}
},
{
"uri":  "sources\Ember-MM\Addons\generic.EmberCore.NMT\frmSettingsHolder.vb",
"region":  {
"startLine":  58,
"startColumn":  62,
"endLine":  58,
"endColumn":  73
}
},
{
"uri":  "sources\Ember-MM\Addons\generic.EmberCore.NMT\frmSettingsHolder.vb",
"region":  {
"startLine":  88,
"startColumn":  70,
"endLine":  88,
"endColumn":  81
}
},
{
"uri":  "sources\Ember-MM\Addons\generic.EmberCore.NMT\frmSettingsHolder.vb",
"region":  {
"startLine":  162,
"startColumn":  74,
"endLine":  162,
"endColumn":  85
}
}
]
},
{
"id":  "S1192",
"message":  "Define a constant instead of using this literal 'readme.txt' 5 times.",
"location":  [
{
"uri":  "sources\Ember-MM\Addons\generic.EmberCore.NMT\frmSettingsHolder.vb",
"region":  {
"startLine":  62,
"startColumn":  79,
"endLine":  62,
"endColumn":  91
}
},
{
"uri":  "sources\Ember-MM\Addons\generic.EmberCore.NMT\frmSettingsHolder.vb",
"region":  {
"startLine":  119,
"startColumn":  34,
"endLine":  119,
"endColumn":  46
}
},
{
"uri":  "sources\Ember-MM\Addons\generic.EmberCore.NMT\frmSettingsHolder.vb",
"region":  {
"startLine":  147,
"startColumn":  34,
"endLine":  147,
"endColumn":  46
}
},
{
"uri":  "sources\Ember-MM\Addons\generic.EmberCore.NMT\frmSettingsHolder.vb",
"region":  {
"startLine":  251,
"startColumn":  88,
"endLine":  251,
"endColumn":  100
}
},
{
"uri":  "sources\Ember-MM\Addons\generic.EmberCore.NMT\frmSettingsHolder.vb",
"region":  {
"startLine":  252,
"startColumn":  83,
"endLine":  252,
"endColumn":  95
}
}
]
},
{
"id":  "S1192",
"message":  "Define a constant instead of using this literal 'NMT Jukebox Builder' 4 times.",
"location":  [
{
"uri":  "sources\Ember-MM\Addons\generic.EmberCore.NMT\Module.NMT.vb",
"region":  {
"startLine":  36,
"startColumn":  31,
"endLine":  36,
"endColumn":  52
}
},
{
"uri":  "sources\Ember-MM\Addons\generic.EmberCore.NMT\Module.NMT.vb",
"region":  {
"startLine":  117,
"startColumn":  43,
"endLine":  117,
"endColumn":  64
}
},
{
"uri":  "sources\Ember-MM\Addons\generic.EmberCore.NMT\Module.NMT.vb",
"region":  {
"startLine":  122,
"startColumn":  47,
"endLine":  122,
"endColumn":  68
}
},
{
"uri":  "sources\Ember-MM\Addons\generic.EmberCore.NMT\Module.NMT.vb",
"region":  {
"startLine":  157,
"startColumn":  49,
"endLine":  157,
"endColumn":  70
}
}
]
}
]
}
