{
"issues":  [
{
"id":  "S1192",
"message":  "Define a constant instead of using this literal '<$MCOUNT>' 4 times.",
"location":  [
{
"uri":  "sources\Ember-MM\Addons\generic.EmberCore.WebServer\Server\clsWebContent.vb",
"region":  {
"startLine":  111,
"startColumn":  41,
"endLine":  111,
"endColumn":  52
}
},
{
"uri":  "sources\Ember-MM\Addons\generic.EmberCore.WebServer\Server\clsWebContent.vb",
"region":  {
"startLine":  113,
"startColumn":  59,
"endLine":  113,
"endColumn":  70
}
},
{
"uri":  "sources\Ember-MM\Addons\generic.EmberCore.WebServer\Server\clsWebContent.vb",
"region":  {
"startLine":  114,
"startColumn":  53,
"endLine":  114,
"endColumn":  64
}
},
{
"uri":  "sources\Ember-MM\Addons\generic.EmberCore.WebServer\Server\clsWebContent.vb",
"region":  {
"startLine":  115,
"startColumn":  59,
"endLine":  115,
"endColumn":  70
}
}
]
},
{
"id":  "S1192",
"message":  "Define a constant instead of using this literal '<$MFIRSTID>' 4 times.",
"location":  [
{
"uri":  "sources\Ember-MM\Addons\generic.EmberCore.WebServer\Server\clsWebContent.vb",
"region":  {
"startLine":  117,
"startColumn":  41,
"endLine":  117,
"endColumn":  54
}
},
{
"uri":  "sources\Ember-MM\Addons\generic.EmberCore.WebServer\Server\clsWebContent.vb",
"region":  {
"startLine":  118,
"startColumn":  59,
"endLine":  118,
"endColumn":  72
}
},
{
"uri":  "sources\Ember-MM\Addons\generic.EmberCore.WebServer\Server\clsWebContent.vb",
"region":  {
"startLine":  119,
"startColumn":  53,
"endLine":  119,
"endColumn":  66
}
},
{
"uri":  "sources\Ember-MM\Addons\generic.EmberCore.WebServer\Server\clsWebContent.vb",
"region":  {
"startLine":  120,
"startColumn":  59,
"endLine":  120,
"endColumn":  72
}
}
]
},
{
"id":  "S1192",
"message":  "Define a constant instead of using this literal '<$MSOURCE>' 4 times.",
"location":  [
{
"uri":  "sources\Ember-MM\Addons\generic.EmberCore.WebServer\Server\clsWebContent.vb",
"region":  {
"startLine":  139,
"startColumn":  82,
"endLine":  139,
"endColumn":  94
}
},
{
"uri":  "sources\Ember-MM\Addons\generic.EmberCore.WebServer\Server\clsWebContent.vb",
"region":  {
"startLine":  143,
"startColumn":  156,
"endLine":  143,
"endColumn":  168
}
},
{
"uri":  "sources\Ember-MM\Addons\generic.EmberCore.WebServer\Server\clsWebContent.vb",
"region":  {
"startLine":  147,
"startColumn":  156,
"endLine":  147,
"endColumn":  168
}
},
{
"uri":  "sources\Ember-MM\Addons\generic.EmberCore.WebServer\Server\clsWebContent.vb",
"region":  {
"startLine":  246,
"startColumn":  162,
"endLine":  246,
"endColumn":  174
}
}
]
},
{
"id":  "S1192",
"message":  "Define a constant instead of using this literal 'Unknown' 4 times.",
"location":  [
{
"uri":  "sources\Ember-MM\Addons\generic.EmberCore.WebServer\Server\clsWebContent.vb",
"region":  {
"startLine":  209,
"startColumn":  149,
"endLine":  209,
"endColumn":  158
}
},
{
"uri":  "sources\Ember-MM\Addons\generic.EmberCore.WebServer\Server\clsWebContent.vb",
"region":  {
"startLine":  209,
"startColumn":  239,
"endLine":  209,
"endColumn":  248
}
},
{
"uri":  "sources\Ember-MM\Addons\generic.EmberCore.WebServer\Server\clsWebContent.vb",
"region":  {
"startLine":  218,
"startColumn":  153,
"endLine":  218,
"endColumn":  162
}
},
{
"uri":  "sources\Ember-MM\Addons\generic.EmberCore.WebServer\Server\clsWebContent.vb",
"region":  {
"startLine":  218,
"startColumn":  252,
"endLine":  218,
"endColumn":  261
}
}
]
},
{
"id":  "S1192",
"message":  "Define a constant instead of using this literal '<$MFLAG_VRES>' 5 times.",
"location":  [
{
"uri":  "sources\Ember-MM\Addons\generic.EmberCore.WebServer\Server\clsWebContent.vb",
"region":  {
"startLine":  198,
"startColumn":  158,
"endLine":  198,
"endColumn":  173
}
},
{
"uri":  "sources\Ember-MM\Addons\generic.EmberCore.WebServer\Server\clsWebContent.vb",
"region":  {
"startLine":  221,
"startColumn":  116,
"endLine":  221,
"endColumn":  131
}
},
{
"uri":  "sources\Ember-MM\Addons\generic.EmberCore.WebServer\Server\clsWebContent.vb",
"region":  {
"startLine":  327,
"startColumn":  37,
"endLine":  327,
"endColumn":  52
}
},
{
"uri":  "sources\Ember-MM\Addons\generic.EmberCore.WebServer\Server\clsWebContent.vb",
"region":  {
"startLine":  331,
"startColumn":  41,
"endLine":  331,
"endColumn":  56
}
},
{
"uri":  "sources\Ember-MM\Addons\generic.EmberCore.WebServer\Server\clsWebContent.vb",
"region":  {
"startLine":  333,
"startColumn":  41,
"endLine":  333,
"endColumn":  56
}
}
]
},
{
"id":  "S1192",
"message":  "Define a constant instead of using this literal '<$MFLAG_VSOURCE>' 5 times.",
"location":  [
{
"uri":  "sources\Ember-MM\Addons\generic.EmberCore.WebServer\Server\clsWebContent.vb",
"region":  {
"startLine":  198,
"startColumn":  138,
"endLine":  198,
"endColumn":  156
}
},
{
"uri":  "sources\Ember-MM\Addons\generic.EmberCore.WebServer\Server\clsWebContent.vb",
"region":  {
"startLine":  221,
"startColumn":  96,
"endLine":  221,
"endColumn":  114
}
},
{
"uri":  "sources\Ember-MM\Addons\generic.EmberCore.WebServer\Server\clsWebContent.vb",
"region":  {
"startLine":  339,
"startColumn":  37,
"endLine":  339,
"endColumn":  55
}
},
{
"uri":  "sources\Ember-MM\Addons\generic.EmberCore.WebServer\Server\clsWebContent.vb",
"region":  {
"startLine":  343,
"startColumn":  41,
"endLine":  343,
"endColumn":  59
}
},
{
"uri":  "sources\Ember-MM\Addons\generic.EmberCore.WebServer\Server\clsWebContent.vb",
"region":  {
"startLine":  345,
"startColumn":  41,
"endLine":  345,
"endColumn":  59
}
}
]
},
{
"id":  "S1192",
"message":  "Define a constant instead of using this literal '<$MFLAG_VTYPE>' 5 times.",
"location":  [
{
"uri":  "sources\Ember-MM\Addons\generic.EmberCore.WebServer\Server\clsWebContent.vb",
"region":  {
"startLine":  198,
"startColumn":  120,
"endLine":  198,
"endColumn":  136
}
},
{
"uri":  "sources\Ember-MM\Addons\generic.EmberCore.WebServer\Server\clsWebContent.vb",
"region":  {
"startLine":  221,
"startColumn":  78,
"endLine":  221,
"endColumn":  94
}
},
{
"uri":  "sources\Ember-MM\Addons\generic.EmberCore.WebServer\Server\clsWebContent.vb",
"region":  {
"startLine":  351,
"startColumn":  37,
"endLine":  351,
"endColumn":  53
}
},
{
"uri":  "sources\Ember-MM\Addons\generic.EmberCore.WebServer\Server\clsWebContent.vb",
"region":  {
"startLine":  355,
"startColumn":  41,
"endLine":  355,
"endColumn":  57
}
},
{
"uri":  "sources\Ember-MM\Addons\generic.EmberCore.WebServer\Server\clsWebContent.vb",
"region":  {
"startLine":  357,
"startColumn":  41,
"endLine":  357,
"endColumn":  57
}
}
]
},
{
"id":  "S1192",
"message":  "Define a constant instead of using this literal '<$MFLAG_ATYPE>' 5 times.",
"location":  [
{
"uri":  "sources\Ember-MM\Addons\generic.EmberCore.WebServer\Server\clsWebContent.vb",
"region":  {
"startLine":  198,
"startColumn":  102,
"endLine":  198,
"endColumn":  118
}
},
{
"uri":  "sources\Ember-MM\Addons\generic.EmberCore.WebServer\Server\clsWebContent.vb",
"region":  {
"startLine":  221,
"startColumn":  60,
"endLine":  221,
"endColumn":  76
}
},
{
"uri":  "sources\Ember-MM\Addons\generic.EmberCore.WebServer\Server\clsWebContent.vb",
"region":  {
"startLine":  363,
"startColumn":  37,
"endLine":  363,
"endColumn":  53
}
},
{
"uri":  "sources\Ember-MM\Addons\generic.EmberCore.WebServer\Server\clsWebContent.vb",
"region":  {
"startLine":  367,
"startColumn":  41,
"endLine":  367,
"endColumn":  57
}
},
{
"uri":  "sources\Ember-MM\Addons\generic.EmberCore.WebServer\Server\clsWebContent.vb",
"region":  {
"startLine":  369,
"startColumn":  41,
"endLine":  369,
"endColumn":  57
}
}
]
},
{
"id":  "S1192",
"message":  "Define a constant instead of using this literal '<$MFLAG_ACHAN>' 5 times.",
"location":  [
{
"uri":  "sources\Ember-MM\Addons\generic.EmberCore.WebServer\Server\clsWebContent.vb",
"region":  {
"startLine":  198,
"startColumn":  84,
"endLine":  198,
"endColumn":  100
}
},
{
"uri":  "sources\Ember-MM\Addons\generic.EmberCore.WebServer\Server\clsWebContent.vb",
"region":  {
"startLine":  221,
"startColumn":  42,
"endLine":  221,
"endColumn":  58
}
},
{
"uri":  "sources\Ember-MM\Addons\generic.EmberCore.WebServer\Server\clsWebContent.vb",
"region":  {
"startLine":  375,
"startColumn":  37,
"endLine":  375,
"endColumn":  53
}
},
{
"uri":  "sources\Ember-MM\Addons\generic.EmberCore.WebServer\Server\clsWebContent.vb",
"region":  {
"startLine":  379,
"startColumn":  41,
"endLine":  379,
"endColumn":  57
}
},
{
"uri":  "sources\Ember-MM\Addons\generic.EmberCore.WebServer\Server\clsWebContent.vb",
"region":  {
"startLine":  381,
"startColumn":  41,
"endLine":  381,
"endColumn":  57
}
}
]
},
{
"id":  "S1192",
"message":  "Define a constant instead of using this literal 'status' 5 times.",
"location":  [
{
"uri":  "sources\Ember-MM\Addons\generic.EmberCore.WebServer\Server\clsWebContent.vb",
"region":  {
"startLine":  244,
"startColumn":  56,
"endLine":  244,
"endColumn":  64
}
},
{
"uri":  "sources\Ember-MM\Addons\generic.EmberCore.WebServer\Server\clsWebContent.vb",
"region":  {
"startLine":  267,
"startColumn":  56,
"endLine":  267,
"endColumn":  64
}
},
{
"uri":  "sources\Ember-MM\Addons\generic.EmberCore.WebServer\Server\clsWebContent.vb",
"region":  {
"startLine":  281,
"startColumn":  56,
"endLine":  281,
"endColumn":  64
}
},
{
"uri":  "sources\Ember-MM\Addons\generic.EmberCore.WebServer\Server\clsWebContent.vb",
"region":  {
"startLine":  295,
"startColumn":  56,
"endLine":  295,
"endColumn":  64
}
},
{
"uri":  "sources\Ember-MM\Addons\generic.EmberCore.WebServer\Server\clsWebContent.vb",
"region":  {
"startLine":  309,
"startColumn":  56,
"endLine":  309,
"endColumn":  64
}
}
]
},
{
"id":  "S1192",
"message":  "Define a constant instead of using this literal 'Error' 8 times.",
"location":  [
{
"uri":  "sources\Ember-MM\Addons\generic.EmberCore.WebServer\Server\clsWebContent.vb",
"region":  {
"startLine":  17,
"startColumn":  68,
"endLine":  17,
"endColumn":  75
}
},
{
"uri":  "sources\Ember-MM\Addons\generic.EmberCore.WebServer\Server\clsWebContent.vb",
"region":  {
"startLine":  236,
"startColumn":  68,
"endLine":  236,
"endColumn":  75
}
},
{
"uri":  "sources\Ember-MM\Addons\generic.EmberCore.WebServer\Server\clsWebContent.vb",
"region":  {
"startLine":  250,
"startColumn":  68,
"endLine":  250,
"endColumn":  75
}
},
{
"uri":  "sources\Ember-MM\Addons\generic.EmberCore.WebServer\Server\clsWebContent.vb",
"region":  {
"startLine":  273,
"startColumn":  68,
"endLine":  273,
"endColumn":  75
}
},
{
"uri":  "sources\Ember-MM\Addons\generic.EmberCore.WebServer\Server\clsWebContent.vb",
"region":  {
"startLine":  287,
"startColumn":  68,
"endLine":  287,
"endColumn":  75
}
},
{
"uri":  "sources\Ember-MM\Addons\generic.EmberCore.WebServer\Server\clsWebContent.vb",
"region":  {
"startLine":  301,
"startColumn":  68,
"endLine":  301,
"endColumn":  75
}
},
{
"uri":  "sources\Ember-MM\Addons\generic.EmberCore.WebServer\Server\clsWebContent.vb",
"region":  {
"startLine":  315,
"startColumn":  68,
"endLine":  315,
"endColumn":  75
}
},
{
"uri":  "sources\Ember-MM\Addons\generic.EmberCore.WebServer\Server\clsWebContent.vb",
"region":  {
"startLine":  386,
"startColumn":  68,
"endLine":  386,
"endColumn":  75
}
}
]
},
{
"id":  "S1192",
"message":  "Define a constant instead of using this literal '<$ESOURCE>Images/Flags/' 10 times.",
"location":  [
{
"uri":  "sources\Ember-MM\Addons\generic.EmberCore.WebServer\Server\clsWebContent.vb",
"region":  {
"startLine":  327,
"startColumn":  68,
"endLine":  327,
"endColumn":  93
}
},
{
"uri":  "sources\Ember-MM\Addons\generic.EmberCore.WebServer\Server\clsWebContent.vb",
"region":  {
"startLine":  331,
"startColumn":  72,
"endLine":  331,
"endColumn":  97
}
},
{
"uri":  "sources\Ember-MM\Addons\generic.EmberCore.WebServer\Server\clsWebContent.vb",
"region":  {
"startLine":  339,
"startColumn":  71,
"endLine":  339,
"endColumn":  96
}
},
{
"uri":  "sources\Ember-MM\Addons\generic.EmberCore.WebServer\Server\clsWebContent.vb",
"region":  {
"startLine":  343,
"startColumn":  75,
"endLine":  343,
"endColumn":  100
}
},
{
"uri":  "sources\Ember-MM\Addons\generic.EmberCore.WebServer\Server\clsWebContent.vb",
"region":  {
"startLine":  351,
"startColumn":  69,
"endLine":  351,
"endColumn":  94
}
},
{
"uri":  "sources\Ember-MM\Addons\generic.EmberCore.WebServer\Server\clsWebContent.vb",
"region":  {
"startLine":  355,
"startColumn":  73,
"endLine":  355,
"endColumn":  98
}
},
{
"uri":  "sources\Ember-MM\Addons\generic.EmberCore.WebServer\Server\clsWebContent.vb",
"region":  {
"startLine":  363,
"startColumn":  69,
"endLine":  363,
"endColumn":  94
}
},
{
"uri":  "sources\Ember-MM\Addons\generic.EmberCore.WebServer\Server\clsWebContent.vb",
"region":  {
"startLine":  367,
"startColumn":  73,
"endLine":  367,
"endColumn":  98
}
},
{
"uri":  "sources\Ember-MM\Addons\generic.EmberCore.WebServer\Server\clsWebContent.vb",
"region":  {
"startLine":  375,
"startColumn":  69,
"endLine":  375,
"endColumn":  94
}
},
{
"uri":  "sources\Ember-MM\Addons\generic.EmberCore.WebServer\Server\clsWebContent.vb",
"region":  {
"startLine":  379,
"startColumn":  73,
"endLine":  379,
"endColumn":  98
}
}
]
}
]
}
