{
"issues":  [
{
"id":  "S1192",
"message":  "Define a constant instead of using this literal '.$emm' 4 times.",
"location":  [
{
"uri":  "sources\Ember-MM\Addons\generic.EmberCore.BulkRename\clsAPIRenamer.vb",
"region":  {
"startLine":  440,
"startColumn":  87,
"endLine":  440,
"endColumn":  94
}
},
{
"uri":  "sources\Ember-MM\Addons\generic.EmberCore.BulkRename\clsAPIRenamer.vb",
"region":  {
"startLine":  441,
"startColumn":  79,
"endLine":  441,
"endColumn":  86
}
},
{
"uri":  "sources\Ember-MM\Addons\generic.EmberCore.BulkRename\clsAPIRenamer.vb",
"region":  {
"startLine":  685,
"startColumn":  79,
"endLine":  685,
"endColumn":  86
}
},
{
"uri":  "sources\Ember-MM\Addons\generic.EmberCore.BulkRename\clsAPIRenamer.vb",
"region":  {
"startLine":  686,
"startColumn":  71,
"endLine":  686,
"endColumn":  78
}
}
]
},
{
"id":  "S1192",
"message":  "Define a constant instead of using this literal '.$emm$' 4 times.",
"location":  [
{
"uri":  "sources\Ember-MM\Addons\generic.EmberCore.BulkRename\clsAPIRenamer.vb",
"region":  {
"startLine":  486,
"startColumn":  95,
"endLine":  486,
"endColumn":  103
}
},
{
"uri":  "sources\Ember-MM\Addons\generic.EmberCore.BulkRename\clsAPIRenamer.vb",
"region":  {
"startLine":  487,
"startColumn":  86,
"endLine":  487,
"endColumn":  94
}
},
{
"uri":  "sources\Ember-MM\Addons\generic.EmberCore.BulkRename\clsAPIRenamer.vb",
"region":  {
"startLine":  726,
"startColumn":  87,
"endLine":  726,
"endColumn":  95
}
},
{
"uri":  "sources\Ember-MM\Addons\generic.EmberCore.BulkRename\clsAPIRenamer.vb",
"region":  {
"startLine":  727,
"startColumn":  78,
"endLine":  727,
"endColumn":  86
}
}
]
},
{
"id":  "S1192",
"message":  "Define a constant instead of using this literal 'STREAM' 6 times.",
"location":  [
{
"uri":  "sources\Ember-MM\Addons\generic.EmberCore.BulkRename\clsAPIRenamer.vb",
"region":  {
"startLine":  334,
"startColumn":  85,
"endLine":  334,
"endColumn":  93
}
},
{
"uri":  "sources\Ember-MM\Addons\generic.EmberCore.BulkRename\clsAPIRenamer.vb",
"region":  {
"startLine":  417,
"startColumn":  110,
"endLine":  417,
"endColumn":  118
}
},
{
"uri":  "sources\Ember-MM\Addons\generic.EmberCore.BulkRename\clsAPIRenamer.vb",
"region":  {
"startLine":  418,
"startColumn":  112,
"endLine":  418,
"endColumn":  120
}
},
{
"uri":  "sources\Ember-MM\Addons\generic.EmberCore.BulkRename\clsAPIRenamer.vb",
"region":  {
"startLine":  596,
"startColumn":  88,
"endLine":  596,
"endColumn":  96
}
},
{
"uri":  "sources\Ember-MM\Addons\generic.EmberCore.BulkRename\clsAPIRenamer.vb",
"region":  {
"startLine":  673,
"startColumn":  102,
"endLine":  673,
"endColumn":  110
}
},
{
"uri":  "sources\Ember-MM\Addons\generic.EmberCore.BulkRename\clsAPIRenamer.vb",
"region":  {
"startLine":  674,
"startColumn":  104,
"endLine":  674,
"endColumn":  112
}
}
]
},
{
"id":  "S1192",
"message":  "Define a constant instead of using this literal 'VIDEO_TS' 6 times.",
"location":  [
{
"uri":  "sources\Ember-MM\Addons\generic.EmberCore.BulkRename\clsAPIRenamer.vb",
"region":  {
"startLine":  337,
"startColumn":  34,
"endLine":  337,
"endColumn":  44
}
},
{
"uri":  "sources\Ember-MM\Addons\generic.EmberCore.BulkRename\clsAPIRenamer.vb",
"region":  {
"startLine":  414,
"startColumn":  59,
"endLine":  414,
"endColumn":  69
}
},
{
"uri":  "sources\Ember-MM\Addons\generic.EmberCore.BulkRename\clsAPIRenamer.vb",
"region":  {
"startLine":  415,
"startColumn":  61,
"endLine":  415,
"endColumn":  71
}
},
{
"uri":  "sources\Ember-MM\Addons\generic.EmberCore.BulkRename\clsAPIRenamer.vb",
"region":  {
"startLine":  594,
"startColumn":  37,
"endLine":  594,
"endColumn":  47
}
},
{
"uri":  "sources\Ember-MM\Addons\generic.EmberCore.BulkRename\clsAPIRenamer.vb",
"region":  {
"startLine":  669,
"startColumn":  51,
"endLine":  669,
"endColumn":  61
}
},
{
"uri":  "sources\Ember-MM\Addons\generic.EmberCore.BulkRename\clsAPIRenamer.vb",
"region":  {
"startLine":  670,
"startColumn":  53,
"endLine":  670,
"endColumn":  63
}
}
]
},
{
"id":  "S1192",
"message":  "Define a constant instead of using this literal 'Error' 9 times.",
"location":  [
{
"uri":  "sources\Ember-MM\Addons\generic.EmberCore.BulkRename\clsAPIRenamer.vb",
"region":  {
"startLine":  236,
"startColumn":  68,
"endLine":  236,
"endColumn":  75
}
},
{
"uri":  "sources\Ember-MM\Addons\generic.EmberCore.BulkRename\clsAPIRenamer.vb",
"region":  {
"startLine":  386,
"startColumn":  72,
"endLine":  386,
"endColumn":  79
}
},
{
"uri":  "sources\Ember-MM\Addons\generic.EmberCore.BulkRename\clsAPIRenamer.vb",
"region":  {
"startLine":  449,
"startColumn":  107,
"endLine":  449,
"endColumn":  114
}
},
{
"uri":  "sources\Ember-MM\Addons\generic.EmberCore.BulkRename\clsAPIRenamer.vb",
"region":  {
"startLine":  496,
"startColumn":  124,
"endLine":  496,
"endColumn":  131
}
},
{
"uri":  "sources\Ember-MM\Addons\generic.EmberCore.BulkRename\clsAPIRenamer.vb",
"region":  {
"startLine":  535,
"startColumn":  68,
"endLine":  535,
"endColumn":  75
}
},
{
"uri":  "sources\Ember-MM\Addons\generic.EmberCore.BulkRename\clsAPIRenamer.vb",
"region":  {
"startLine":  614,
"startColumn":  68,
"endLine":  614,
"endColumn":  75
}
},
{
"uri":  "sources\Ember-MM\Addons\generic.EmberCore.BulkRename\clsAPIRenamer.vb",
"region":  {
"startLine":  696,
"startColumn":  103,
"endLine":  696,
"endColumn":  110
}
},
{
"uri":  "sources\Ember-MM\Addons\generic.EmberCore.BulkRename\clsAPIRenamer.vb",
"region":  {
"startLine":  738,
"startColumn":  120,
"endLine":  738,
"endColumn":  127
}
},
{
"uri":  "sources\Ember-MM\Addons\generic.EmberCore.BulkRename\clsAPIRenamer.vb",
"region":  {
"startLine":  774,
"startColumn":  68,
"endLine":  774,
"endColumn":  75
}
}
]
},
{
"id":  "S1192",
"message":  "Define a constant instead of using this literal 'Error' 12 times.",
"location":  [
{
"uri":  "sources\Ember-MM\Addons\generic.EmberCore.BulkRename\dlgBulkRename.vb",
"region":  {
"startLine":  202,
"startColumn":  88,
"endLine":  202,
"endColumn":  95
}
},
{
"uri":  "sources\Ember-MM\Addons\generic.EmberCore.BulkRename\dlgBulkRename.vb",
"region":  {
"startLine":  218,
"startColumn":  68,
"endLine":  218,
"endColumn":  75
}
},
{
"uri":  "sources\Ember-MM\Addons\generic.EmberCore.BulkRename\dlgBulkRename.vb",
"region":  {
"startLine":  244,
"startColumn":  68,
"endLine":  244,
"endColumn":  75
}
},
{
"uri":  "sources\Ember-MM\Addons\generic.EmberCore.BulkRename\dlgBulkRename.vb",
"region":  {
"startLine":  318,
"startColumn":  68,
"endLine":  318,
"endColumn":  75
}
},
{
"uri":  "sources\Ember-MM\Addons\generic.EmberCore.BulkRename\dlgBulkRename.vb",
"region":  {
"startLine":  379,
"startColumn":  68,
"endLine":  379,
"endColumn":  75
}
},
{
"uri":  "sources\Ember-MM\Addons\generic.EmberCore.BulkRename\dlgBulkRename.vb",
"region":  {
"startLine":  393,
"startColumn":  68,
"endLine":  393,
"endColumn":  75
}
},
{
"uri":  "sources\Ember-MM\Addons\generic.EmberCore.BulkRename\dlgBulkRename.vb",
"region":  {
"startLine":  454,
"startColumn":  68,
"endLine":  454,
"endColumn":  75
}
},
{
"uri":  "sources\Ember-MM\Addons\generic.EmberCore.BulkRename\dlgBulkRename.vb",
"region":  {
"startLine":  530,
"startColumn":  68,
"endLine":  530,
"endColumn":  75
}
},
{
"uri":  "sources\Ember-MM\Addons\generic.EmberCore.BulkRename\dlgBulkRename.vb",
"region":  {
"startLine":  550,
"startColumn":  68,
"endLine":  550,
"endColumn":  75
}
},
{
"uri":  "sources\Ember-MM\Addons\generic.EmberCore.BulkRename\dlgBulkRename.vb",
"region":  {
"startLine":  575,
"startColumn":  68,
"endLine":  575,
"endColumn":  75
}
},
{
"uri":  "sources\Ember-MM\Addons\generic.EmberCore.BulkRename\dlgBulkRename.vb",
"region":  {
"startLine":  584,
"startColumn":  68,
"endLine":  584,
"endColumn":  75
}
},
{
"uri":  "sources\Ember-MM\Addons\generic.EmberCore.BulkRename\dlgBulkRename.vb",
"region":  {
"startLine":  593,
"startColumn":  68,
"endLine":  593,
"endColumn":  75
}
}
]
}
]
}
