{
"issues":  [
{
"id":  "S1192",
"message":  "Define a constant instead of using this literal '.html' 4 times.",
"location":  [
{
"uri":  "sources\Ember-MM\Addons\generic.EmberCore.MovieExport\dlgExportMovies.vb",
"region":  {
"startLine":  101,
"startColumn":  140,
"endLine":  101,
"endColumn":  147
}
},
{
"uri":  "sources\Ember-MM\Addons\generic.EmberCore.MovieExport\dlgExportMovies.vb",
"region":  {
"startLine":  147,
"startColumn":  212,
"endLine":  147,
"endColumn":  219
}
},
{
"uri":  "sources\Ember-MM\Addons\generic.EmberCore.MovieExport\dlgExportMovies.vb",
"region":  {
"startLine":  281,
"startColumn":  108,
"endLine":  281,
"endColumn":  115
}
},
{
"uri":  "sources\Ember-MM\Addons\generic.EmberCore.MovieExport\dlgExportMovies.vb",
"region":  {
"startLine":  664,
"startColumn":  100,
"endLine":  664,
"endColumn":  107
}
}
]
},
{
"id":  "S1192",
"message":  "Define a constant instead of using this literal 'Unknown' 4 times.",
"location":  [
{
"uri":  "sources\Ember-MM\Addons\generic.EmberCore.MovieExport\dlgExportMovies.vb",
"region":  {
"startLine":  203,
"startColumn":  125,
"endLine":  203,
"endColumn":  134
}
},
{
"uri":  "sources\Ember-MM\Addons\generic.EmberCore.MovieExport\dlgExportMovies.vb",
"region":  {
"startLine":  203,
"startColumn":  215,
"endLine":  203,
"endColumn":  224
}
},
{
"uri":  "sources\Ember-MM\Addons\generic.EmberCore.MovieExport\dlgExportMovies.vb",
"region":  {
"startLine":  208,
"startColumn":  133,
"endLine":  208,
"endColumn":  142
}
},
{
"uri":  "sources\Ember-MM\Addons\generic.EmberCore.MovieExport\dlgExportMovies.vb",
"region":  {
"startLine":  208,
"startColumn":  232,
"endLine":  208,
"endColumn":  241
}
}
]
},
{
"id":  "S1192",
"message":  "Define a constant instead of using this literal 'Langs' 5 times.",
"location":  [
{
"uri":  "sources\Ember-MM\Addons\generic.EmberCore.MovieExport\dlgExportMovies.vb",
"region":  {
"startLine":  68,
"startColumn":  70,
"endLine":  68,
"endColumn":  77
}
},
{
"uri":  "sources\Ember-MM\Addons\generic.EmberCore.MovieExport\dlgExportMovies.vb",
"region":  {
"startLine":  147,
"startColumn":  71,
"endLine":  147,
"endColumn":  78
}
},
{
"uri":  "sources\Ember-MM\Addons\generic.EmberCore.MovieExport\dlgExportMovies.vb",
"region":  {
"startLine":  153,
"startColumn":  61,
"endLine":  153,
"endColumn":  68
}
},
{
"uri":  "sources\Ember-MM\Addons\generic.EmberCore.MovieExport\dlgExportMovies.vb",
"region":  {
"startLine":  495,
"startColumn":  86,
"endLine":  495,
"endColumn":  93
}
},
{
"uri":  "sources\Ember-MM\Addons\generic.EmberCore.MovieExport\dlgExportMovies.vb",
"region":  {
"startLine":  756,
"startColumn":  74,
"endLine":  756,
"endColumn":  81
}
}
]
},
{
"id":  "S1192",
"message":  "Define a constant instead of using this literal 'Error' 7 times.",
"location":  [
{
"uri":  "sources\Ember-MM\Addons\generic.EmberCore.MovieExport\dlgExportMovies.vb",
"region":  {
"startLine":  71,
"startColumn":  68,
"endLine":  71,
"endColumn":  75
}
},
{
"uri":  "sources\Ember-MM\Addons\generic.EmberCore.MovieExport\dlgExportMovies.vb",
"region":  {
"startLine":  287,
"startColumn":  68,
"endLine":  287,
"endColumn":  75
}
},
{
"uri":  "sources\Ember-MM\Addons\generic.EmberCore.MovieExport\dlgExportMovies.vb",
"region":  {
"startLine":  345,
"startColumn":  68,
"endLine":  345,
"endColumn":  75
}
},
{
"uri":  "sources\Ember-MM\Addons\generic.EmberCore.MovieExport\dlgExportMovies.vb",
"region":  {
"startLine":  422,
"startColumn":  68,
"endLine":  422,
"endColumn":  75
}
},
{
"uri":  "sources\Ember-MM\Addons\generic.EmberCore.MovieExport\dlgExportMovies.vb",
"region":  {
"startLine":  561,
"startColumn":  68,
"endLine":  561,
"endColumn":  75
}
},
{
"uri":  "sources\Ember-MM\Addons\generic.EmberCore.MovieExport\dlgExportMovies.vb",
"region":  {
"startLine":  593,
"startColumn":  68,
"endLine":  593,
"endColumn":  75
}
},
{
"uri":  "sources\Ember-MM\Addons\generic.EmberCore.MovieExport\dlgExportMovies.vb",
"region":  {
"startLine":  656,
"startColumn":  72,
"endLine":  656,
"endColumn":  79
}
}
]
},
{
"id":  "S1192",
"message":  "Define a constant instead of using this literal 'Source Folder' 8 times.",
"location":  [
{
"uri":  "sources\Ember-MM\Addons\generic.EmberCore.MovieExport\dlgExportMovies.vb",
"region":  {
"startLine":  214,
"startColumn":  58,
"endLine":  214,
"endColumn":  73
}
},
{
"uri":  "sources\Ember-MM\Addons\generic.EmberCore.MovieExport\dlgExportMovies.vb",
"region":  {
"startLine":  299,
"startColumn":  58,
"endLine":  299,
"endColumn":  73
}
},
{
"uri":  "sources\Ember-MM\Addons\generic.EmberCore.MovieExport\dlgExportMovies.vb",
"region":  {
"startLine":  431,
"startColumn":  56,
"endLine":  431,
"endColumn":  71
}
},
{
"uri":  "sources\Ember-MM\Addons\generic.EmberCore.MovieExport\dlgExportMovies.vb",
"region":  {
"startLine":  439,
"startColumn":  56,
"endLine":  439,
"endColumn":  71
}
},
{
"uri":  "sources\Ember-MM\Addons\generic.EmberCore.MovieExport\dlgExportMovies.vb",
"region":  {
"startLine":  444,
"startColumn":  54,
"endLine":  444,
"endColumn":  69
}
},
{
"uri":  "sources\Ember-MM\Addons\generic.EmberCore.MovieExport\dlgExportMovies.vb",
"region":  {
"startLine":  459,
"startColumn":  54,
"endLine":  459,
"endColumn":  69
}
},
{
"uri":  "sources\Ember-MM\Addons\generic.EmberCore.MovieExport\dlgExportMovies.vb",
"region":  {
"startLine":  766,
"startColumn":  54,
"endLine":  766,
"endColumn":  69
}
},
{
"uri":  "sources\Ember-MM\Addons\generic.EmberCore.MovieExport\dlgExportMovies.vb",
"region":  {
"startLine":  789,
"startColumn":  244,
"endLine":  789,
"endColumn":  259
}
}
]
},
{
"id":  "S1192",
"message":  "Define a constant instead of using this literal 'Flags' 13 times.",
"location":  [
{
"uri":  "sources\Ember-MM\Addons\generic.EmberCore.MovieExport\dlgExportMovies.vb",
"region":  {
"startLine":  388,
"startColumn":  108,
"endLine":  388,
"endColumn":  115
}
},
{
"uri":  "sources\Ember-MM\Addons\generic.EmberCore.MovieExport\dlgExportMovies.vb",
"region":  {
"startLine":  389,
"startColumn":  75,
"endLine":  389,
"endColumn":  82
}
},
{
"uri":  "sources\Ember-MM\Addons\generic.EmberCore.MovieExport\dlgExportMovies.vb",
"region":  {
"startLine":  390,
"startColumn":  77,
"endLine":  390,
"endColumn":  84
}
},
{
"uri":  "sources\Ember-MM\Addons\generic.EmberCore.MovieExport\dlgExportMovies.vb",
"region":  {
"startLine":  606,
"startColumn":  71,
"endLine":  606,
"endColumn":  78
}
},
{
"uri":  "sources\Ember-MM\Addons\generic.EmberCore.MovieExport\dlgExportMovies.vb",
"region":  {
"startLine":  610,
"startColumn":  75,
"endLine":  610,
"endColumn":  82
}
},
{
"uri":  "sources\Ember-MM\Addons\generic.EmberCore.MovieExport\dlgExportMovies.vb",
"region":  {
"startLine":  617,
"startColumn":  74,
"endLine":  617,
"endColumn":  81
}
},
{
"uri":  "sources\Ember-MM\Addons\generic.EmberCore.MovieExport\dlgExportMovies.vb",
"region":  {
"startLine":  621,
"startColumn":  78,
"endLine":  621,
"endColumn":  85
}
},
{
"uri":  "sources\Ember-MM\Addons\generic.EmberCore.MovieExport\dlgExportMovies.vb",
"region":  {
"startLine":  627,
"startColumn":  72,
"endLine":  627,
"endColumn":  79
}
},
{
"uri":  "sources\Ember-MM\Addons\generic.EmberCore.MovieExport\dlgExportMovies.vb",
"region":  {
"startLine":  631,
"startColumn":  76,
"endLine":  631,
"endColumn":  83
}
},
{
"uri":  "sources\Ember-MM\Addons\generic.EmberCore.MovieExport\dlgExportMovies.vb",
"region":  {
"startLine":  637,
"startColumn":  72,
"endLine":  637,
"endColumn":  79
}
},
{
"uri":  "sources\Ember-MM\Addons\generic.EmberCore.MovieExport\dlgExportMovies.vb",
"region":  {
"startLine":  641,
"startColumn":  76,
"endLine":  641,
"endColumn":  83
}
},
{
"uri":  "sources\Ember-MM\Addons\generic.EmberCore.MovieExport\dlgExportMovies.vb",
"region":  {
"startLine":  647,
"startColumn":  72,
"endLine":  647,
"endColumn":  79
}
},
{
"uri":  "sources\Ember-MM\Addons\generic.EmberCore.MovieExport\dlgExportMovies.vb",
"region":  {
"startLine":  651,
"startColumn":  76,
"endLine":  651,
"endColumn":  83
}
}
]
}
]
}
